........................................................................ [ 40%]
........................................................................ [ 80%]
..................................                                       [100%]
178 passed in 6.15s

Baseline dimension calibration:
dimension  theoretical_mean  empirical_mean  ci_lower  ci_upper  absolute_mean_error  accepted
       D1              0.45        0.450665  0.447342  0.453989             0.000665      True
       D2              0.45        0.450674  0.446977  0.454371             0.000674      True
       D3              0.45        0.448057  0.444689  0.451424             0.001943      True
       D4              0.45        0.450944  0.446343  0.455545             0.000944      True
       D5              0.45        0.450776  0.447226  0.454327             0.000776      True
      SVC              0.45        0.450737  0.447041  0.454433             0.000737      True

Calibration decision: PASSED

Output directory: /home/darien/Uni/SGB_Project/outputs/calibration/baseline
{
  "all_metrics_converged": true,
  "maximum_horizon": 1000,
  "overall_convergence_step": 599,
  "passed": true,
  "population_size": 50,
  "recommended_horizon": 1000,
  "seed_count": 30,
  "study_type": "time_convergence"
}
Output directory: /home/darien/Uni/SGB_Project/outputs/convergence/time
{
  "horizon": 1000,
  "maximum_seed_count": 50,
  "passed": true,
  "population_size": 50,
  "recommended_seed_count": 50,
  "reference_ranking": "ISF>DBL>DMM",
  "start_seed": 3000,
  "study_type": "seed_convergence",
  "terminal_window": 100
}
Output directory: /home/darien/Uni/SGB_Project/outputs/convergence/seeds
